// Jest Snapshot v1, https://goo.gl/fbAQLP

exports[`Some dummy test 1`] = `
<div>
  Hello
</div>
`;
